error[E0277]: the trait bound `OwnedIsolate: rusty_v8::scope::param::NewEscapableHandleScope<'_, '_>` is not satisfied
 --> $DIR/handle_scope_escape_to_nowhere.rs:6:50
  |
6 |   let mut _scope = v8::EscapableHandleScope::new(&mut isolate);
  |                                                  ^^^^^^^^^^^^ the trait `rusty_v8::scope::param::NewEscapableHandleScope<'_, '_>` is not implemented for `OwnedIsolate`
  |
  = note: required by `EscapableHandleScope::<'s, 'e>::new`

error[E0277]: the trait bound `OwnedIsolate: rusty_v8::scope::param::NewEscapableHandleScope<'_, '_>` is not satisfied
 --> $DIR/handle_scope_escape_to_nowhere.rs:6:20
  |
6 |   let mut _scope = v8::EscapableHandleScope::new(&mut isolate);
  |                    ^^^^^^^^^^^^^^^^^^^^^^^^^^^^^ the trait `rusty_v8::scope::param::NewEscapableHandleScope<'_, '_>` is not implemented for `OwnedIsolate`
